#-----------------------------------------------------------
# Vivado v2018.2 (64-bit)
# SW Build 2258646 on Thu Jun 14 20:03:12 MDT 2018
# IP Build 2256618 on Thu Jun 14 22:10:49 MDT 2018
# Start of session at: Fri Aug 25 15:48:33 2023
# Process ID: 12184
# Current directory: E:/SISLAB/zcu106_work/Advanced-Embedded-System-Design-Flow-on-Zynq/sources/zcu106/lab1/lab1/lab1.runs/system_zynq_ultra_ps_e_0_1_synth_1
# Command line: vivado.exe -log system_zynq_ultra_ps_e_0_1.vds -product Vivado -mode batch -messageDb vivado.pb -notrace -source system_zynq_ultra_ps_e_0_1.tcl
# Log file: E:/SISLAB/zcu106_work/Advanced-Embedded-System-Design-Flow-on-Zynq/sources/zcu106/lab1/lab1/lab1.runs/system_zynq_ultra_ps_e_0_1_synth_1/system_zynq_ultra_ps_e_0_1.vds
# Journal file: E:/SISLAB/zcu106_work/Advanced-Embedded-System-Design-Flow-on-Zynq/sources/zcu106/lab1/lab1/lab1.runs/system_zynq_ultra_ps_e_0_1_synth_1\vivado.jou
#-----------------------------------------------------------
source system_zynq_ultra_ps_e_0_1.tcl -notrace
