#-----------------------------------------------------------
# Vivado v2018.2 (64-bit)
# SW Build 2258646 on Thu Jun 14 20:03:12 MDT 2018
# IP Build 2256618 on Thu Jun 14 22:10:49 MDT 2018
# Start of session at: Tue Aug 22 00:43:43 2023
# Process ID: 9164
# Current directory: E:/SISLAB/zcu106_work/Advanced-Embedded-System-Design-Flow-on-Zynq/sources/lab6/fir_ip
# Command line: vivado.exe -gui_launcher_event rodinguilauncherevent4720 E:\SISLAB\zcu106_work\Advanced-Embedded-System-Design-Flow-on-Zynq\sources\lab6\fir_ip\fir_ip.xpr
# Log file: E:/SISLAB/zcu106_work/Advanced-Embedded-System-Design-Flow-on-Zynq/sources/lab6/fir_ip/vivado.log
# Journal file: E:/SISLAB/zcu106_work/Advanced-Embedded-System-Design-Flow-on-Zynq/sources/lab6/fir_ip\vivado.jou
#-----------------------------------------------------------
start_gui
open_project -part xczu7ev-ffvc1156-2-e E:/SISLAB/zcu106_work/Advanced-Embedded-System-Design-Flow-on-Zynq/sources/lab6/fir_ip/fir_ip.xpr
update_compile_order -fileset sources_1
ipx::open_ipxact_file {E:\SISLAB\zcu106_work\Advanced-Embedded-System-Design-Flow-on-Zynq\sources\lab6\fir_ip\component.xml}
set_property supported_families {zynq Pre-Production virtex7 Production zynquplus Beta} [ipx::current_core]
set_property supported_families {zynq Pre-Production virtex7 Production zynquplus Beta zynquplus Beta} [ipx::current_core]
set_property core_revision 2 [ipx::current_core]
ipx::update_checksums [ipx::current_core]
ipx::save_core [ipx::current_core]
set_property  ip_repo_paths  {e:/SISLAB/zcu106_work/Advanced-Embedded-System-Design-Flow-on-Zynq/sources/lab6/fir_ip c:/xup/adv_embedded/labs/fir_ip} [current_project]
update_ip_catalog
