14:03:39 **** Incremental Build of configuration Release for project lab1 ****
make all 
'Building file: ../src/lab1.c'
'Invoking: ARM v8 gcc compiler'
aarch64-none-elf-gcc -Wall -O2 -c -fmessage-length=0 -MT"src/lab1.o" -I../../standalone_bsp_0/psu_cortexa53_0/include -MMD -MP -MF"src/lab1.d" -MT"src/lab1.o" -o "src/lab1.o" "../src/lab1.c"
../src/lab1.c: In function 'main':
../src/lab1.c:34:11: warning: this 'if' clause does not guard... [-Wmisleading-indentation]
           if((sws_check & 0x03)==0x03)
           ^~
../src/lab1.c:36:5: note: ...this statement, but the latter is misleadingly indented as if it were guarded by the 'if'
     for (i=0; i<9999999; i++); // delay loop
     ^~~
'Finished building: ../src/lab1.c'
' '
'Building target: lab1.elf'
'Invoking: ARM v8 gcc linker'
aarch64-none-elf-gcc -Wl,-T -Wl,../src/lscript.ld -L../../standalone_bsp_0/psu_cortexa53_0/lib -o "lab1.elf"  ./src/lab1.o   -Wl,--start-group,-lxil,-lgcc,-lc,--end-group
'Finished building target: lab1.elf'
' '
'Invoking: ARM v8 Print Size'
aarch64-none-elf-size lab1.elf  |tee "lab1.elf.size"
   text	   data	    bss	    dec	    hex	filename
  34540	   2432	  20672	  57644	   e12c	lab1.elf
'Finished building: lab1.elf.size'
' '
14:04:54 **** Incremental Build of configuration Release for project lab1 ****
make all 
make: Nothing to be done for `all'.
14:05:16 **** Incremental Build of configuration Release for project lab1 ****
make all 
make: Nothing to be done for `all'.
14:13:12 **** Incremental Build of configuration Release for project lab1 ****
make all 
make: Nothing to be done for `all'.
14:13:44 **** Incremental Build of configuration Release for project lab1 ****
make all 
make: Nothing to be done for `all'.
14:21:56 **** Auto Build of project standalone_bsp_0 ****
make -k all 
"Running Make include in psu_cortexa53_0/libsrc/avbuf_v2_2/src"
make -C psu_cortexa53_0/libsrc/avbuf_v2_2/src -s include  "SHELL=CMD" "COMPILER=aarch64-none-elf-gcc" "ARCHIVER=aarch64-none-elf-ar" "COMPILER_FLAGS=  -O2 -c" "EXTRA_COMPILER_FLAGS=-g -Wall -Wextra"
"Running Make include in psu_cortexa53_0/libsrc/axipmon_v6_6/src"
make -C psu_cortexa53_0/libsrc/axipmon_v6_6/src -s include  "SHELL=CMD" "COMPILER=aarch64-none-elf-gcc" "ARCHIVER=aarch64-none-elf-ar" "COMPILER_FLAGS=  -O2 -c" "EXTRA_COMPILER_FLAGS=-g -Wall -Wextra"
"Running Make include in psu_cortexa53_0/libsrc/coresightps_dcc_v1_4/src"
make -C psu_cortexa53_0/libsrc/coresightps_dcc_v1_4/src -s include  "SHELL=CMD" "COMPILER=aarch64-none-elf-gcc" "ARCHIVER=aarch64-none-elf-ar" "COMPILER_FLAGS=  -O2 -c" "EXTRA_COMPILER_FLAGS=-g -Wall -Wextra"
"Running Make include in psu_cortexa53_0/libsrc/cpu_cortexa53_v1_5/src"
make -C psu_cortexa53_0/libsrc/cpu_cortexa53_v1_5/src -s include  "SHELL=CMD" "COMPILER=aarch64-none-elf-gcc" "ARCHIVER=aarch64-none-elf-ar" "COMPILER_FLAGS=  -O2 -c" "EXTRA_COMPILER_FLAGS=-g -Wall -Wextra"
"Running Make include in psu_cortexa53_0/libsrc/csudma_v1_2/src"
make -C psu_cortexa53_0/libsrc/csudma_v1_2/src -s include  "SHELL=CMD" "COMPILER=aarch64-none-elf-gcc" "ARCHIVER=aarch64-none-elf-ar" "COMPILER_FLAGS=  -O2 -c" "EXTRA_COMPILER_FLAGS=-g -Wall -Wextra"
"Running Make include in psu_cortexa53_0/libsrc/ddrcpsu_v1_1/src"
make -C psu_cortexa53_0/libsrc/ddrcpsu_v1_1/src -s include  "SHELL=CMD" "COMPILER=aarch64-none-elf-gcc" "ARCHIVER=aarch64-none-elf-ar" "COMPILER_FLAGS=  -O2 -c" "EXTRA_COMPILER_FLAGS=-g -Wall -Wextra"
"Running Make include in psu_cortexa53_0/libsrc/dpdma_v1_1/src"
make -C psu_cortexa53_0/libsrc/dpdma_v1_1/src -s include  "SHELL=CMD" "COMPILER=aarch64-none-elf-gcc" "ARCHIVER=aarch64-none-elf-ar" "COMPILER_FLAGS=  -O2 -c" "EXTRA_COMPILER_FLAGS=-g -Wall -Wextra"
"Running Make include in psu_cortexa53_0/libsrc/emacps_v3_7/src"
make -C psu_cortexa53_0/libsrc/emacps_v3_7/src -s include  "SHELL=CMD" "COMPILER=aarch64-none-elf-gcc" "ARCHIVER=aarch64-none-elf-ar" "COMPILER_FLAGS=  -O2 -c" "EXTRA_COMPILER_FLAGS=-g -Wall -Wextra"
"Running Make include in psu_cortexa53_0/libsrc/gpio_v4_3/src"
make -C psu_cortexa53_0/libsrc/gpio_v4_3/src -s include  "SHELL=CMD" "COMPILER=aarch64-none-elf-gcc" "ARCHIVER=aarch64-none-elf-ar" "COMPILER_FLAGS=  -O2 -c" "EXTRA_COMPILER_FLAGS=-g -Wall -Wextra"
"Running Make include in psu_cortexa53_0/libsrc/gpiops_v3_3/src"
make -C psu_cortexa53_0/libsrc/gpiops_v3_3/src -s include  "SHELL=CMD" "COMPILER=aarch64-none-elf-gcc" "ARCHIVER=aarch64-none-elf-ar" "COMPILER_FLAGS=  -O2 -c" "EXTRA_COMPILER_FLAGS=-g -Wall -Wextra"
"Running Make include in psu_cortexa53_0/libsrc/ipipsu_v2_3/src"
make -C psu_cortexa53_0/libsrc/ipipsu_v2_3/src -s include  "SHELL=CMD" "COMPILER=aarch64-none-elf-gcc" "ARCHIVER=aarch64-none-elf-ar" "COMPILER_FLAGS=  -O2 -c" "EXTRA_COMPILER_FLAGS=-g -Wall -Wextra"
"Running Make include in psu_cortexa53_0/libsrc/qspipsu_v1_7/src"
make -C psu_cortexa53_0/libsrc/qspipsu_v1_7/src -s include  "SHELL=CMD" "COMPILER=aarch64-none-elf-gcc" "ARCHIVER=aarch64-none-elf-ar" "COMPILER_FLAGS=  -O2 -c" "EXTRA_COMPILER_FLAGS=-g -Wall -Wextra"
"Running Make include in psu_cortexa53_0/libsrc/resetps_v1_1/src"
make -C psu_cortexa53_0/libsrc/resetps_v1_1/src -s include  "SHELL=CMD" "COMPILER=aarch64-none-elf-gcc" "ARCHIVER=aarch64-none-elf-ar" "COMPILER_FLAGS=  -O2 -c" "EXTRA_COMPILER_FLAGS=-g -Wall -Wextra"
"Running Make include in psu_cortexa53_0/libsrc/rtcpsu_v1_5/src"
make -C psu_cortexa53_0/libsrc/rtcpsu_v1_5/src -s include  "SHELL=CMD" "COMPILER=aarch64-none-elf-gcc" "ARCHIVER=aarch64-none-elf-ar" "COMPILER_FLAGS=  -O2 -c" "EXTRA_COMPILER_FLAGS=-g -Wall -Wextra"
"Running Make include in psu_cortexa53_0/libsrc/scugic_v3_9/src"
make -C psu_cortexa53_0/libsrc/scugic_v3_9/src -s include  "SHELL=CMD" "COMPILER=aarch64-none-elf-gcc" "ARCHIVER=aarch64-none-elf-ar" "COMPILER_FLAGS=  -O2 -c" "EXTRA_COMPILER_FLAGS=-g -Wall -Wextra"
"Running Make include in psu_cortexa53_0/libsrc/standalone_v6_7/src"
make -C psu_cortexa53_0/libsrc/standalone_v6_7/src -s include  "SHELL=CMD" "COMPILER=aarch64-none-elf-gcc" "ARCHIVER=aarch64-none-elf-ar" "COMPILER_FLAGS=  -O2 -c" "EXTRA_COMPILER_FLAGS=-g -Wall -Wextra"
"Running Make include in psu_cortexa53_0/libsrc/sysmonpsu_v2_4/src"
make -C psu_cortexa53_0/libsrc/sysmonpsu_v2_4/src -s include  "SHELL=CMD" "COMPILER=aarch64-none-elf-gcc" "ARCHIVER=aarch64-none-elf-ar" "COMPILER_FLAGS=  -O2 -c" "EXTRA_COMPILER_FLAGS=-g -Wall -Wextra"
"Running Make include in psu_cortexa53_0/libsrc/ttcps_v3_6/src"
make -C psu_cortexa53_0/libsrc/ttcps_v3_6/src -s include  "SHELL=CMD" "COMPILER=aarch64-none-elf-gcc" "ARCHIVER=aarch64-none-elf-ar" "COMPILER_FLAGS=  -O2 -c" "EXTRA_COMPILER_FLAGS=-g -Wall -Wextra"
"Running Make include in psu_cortexa53_0/libsrc/uartps_v3_6/src"
make -C psu_cortexa53_0/libsrc/uartps_v3_6/src -s include  "SHELL=CMD" "COMPILER=aarch64-none-elf-gcc" "ARCHIVER=aarch64-none-elf-ar" "COMPILER_FLAGS=  -O2 -c" "EXTRA_COMPILER_FLAGS=-g -Wall -Wextra"
"Running Make include in psu_cortexa53_0/libsrc/video_common_v4_4/src"
make -C psu_cortexa53_0/libsrc/video_common_v4_4/src -s include  "SHELL=CMD" "COMPILER=aarch64-none-elf-gcc" "ARCHIVER=aarch64-none-elf-ar" "COMPILER_FLAGS=  -O2 -c" "EXTRA_COMPILER_FLAGS=-g -Wall -Wextra"
"Running Make include in psu_cortexa53_0/libsrc/wdtps_v3_0/src"
make -C psu_cortexa53_0/libsrc/wdtps_v3_0/src -s include  "SHELL=CMD" "COMPILER=aarch64-none-elf-gcc" "ARCHIVER=aarch64-none-elf-ar" "COMPILER_FLAGS=  -O2 -c" "EXTRA_COMPILER_FLAGS=-g -Wall -Wextra"
"Running Make include in psu_cortexa53_0/libsrc/zdma_v1_5/src"
make -C psu_cortexa53_0/libsrc/zdma_v1_5/src -s include  "SHELL=CMD" "COMPILER=aarch64-none-elf-gcc" "ARCHIVER=aarch64-none-elf-ar" "COMPILER_FLAGS=  -O2 -c" "EXTRA_COMPILER_FLAGS=-g -Wall -Wextra"
"Running Make libs in psu_cortexa53_0/libsrc/avbuf_v2_2/src"
make -C psu_cortexa53_0/libsrc/avbuf_v2_2/src -s libs  "SHELL=CMD" "COMPILER=aarch64-none-elf-gcc" "ARCHIVER=aarch64-none-elf-ar" "COMPILER_FLAGS=  -O2 -c" "EXTRA_COMPILER_FLAGS=-g -Wall -Wextra"
"Compiling avbuf"
"Running Make libs in psu_cortexa53_0/libsrc/axipmon_v6_6/src"
make -C psu_cortexa53_0/libsrc/axipmon_v6_6/src -s libs  "SHELL=CMD" "COMPILER=aarch64-none-elf-gcc" "ARCHIVER=aarch64-none-elf-ar" "COMPILER_FLAGS=  -O2 -c" "EXTRA_COMPILER_FLAGS=-g -Wall -Wextra"
"Compiling axipmon"
"Running Make libs in psu_cortexa53_0/libsrc/coresightps_dcc_v1_4/src"
make -C psu_cortexa53_0/libsrc/coresightps_dcc_v1_4/src -s libs  "SHELL=CMD" "COMPILER=aarch64-none-elf-gcc" "ARCHIVER=aarch64-none-elf-ar" "COMPILER_FLAGS=  -O2 -c" "EXTRA_COMPILER_FLAGS=-g -Wall -Wextra"
"Compiling coresightps_dcc"
"Running Make libs in psu_cortexa53_0/libsrc/cpu_cortexa53_v1_5/src"
make -C psu_cortexa53_0/libsrc/cpu_cortexa53_v1_5/src -s libs  "SHELL=CMD" "COMPILER=aarch64-none-elf-gcc" "ARCHIVER=aarch64-none-elf-ar" "COMPILER_FLAGS=  -O2 -c" "EXTRA_COMPILER_FLAGS=-g -Wall -Wextra"
"Compiling cpu_cortexa53"
"Running Make libs in psu_cortexa53_0/libsrc/csudma_v1_2/src"
make -C psu_cortexa53_0/libsrc/csudma_v1_2/src -s libs  "SHELL=CMD" "COMPILER=aarch64-none-elf-gcc" "ARCHIVER=aarch64-none-elf-ar" "COMPILER_FLAGS=  -O2 -c" "EXTRA_COMPILER_FLAGS=-g -Wall -Wextra"
"Compiling csudma"
"Running Make libs in psu_cortexa53_0/libsrc/ddrcpsu_v1_1/src"
make -C psu_cortexa53_0/libsrc/ddrcpsu_v1_1/src -s libs  "SHELL=CMD" "COMPILER=aarch64-none-elf-gcc" "ARCHIVER=aarch64-none-elf-ar" "COMPILER_FLAGS=  -O2 -c" "EXTRA_COMPILER_FLAGS=-g -Wall -Wextra"
"Compiling ddrcpsu"
"Running Make libs in psu_cortexa53_0/libsrc/dpdma_v1_1/src"
make -C psu_cortexa53_0/libsrc/dpdma_v1_1/src -s libs  "SHELL=CMD" "COMPILER=aarch64-none-elf-gcc" "ARCHIVER=aarch64-none-elf-ar" "COMPILER_FLAGS=  -O2 -c" "EXTRA_COMPILER_FLAGS=-g -Wall -Wextra"
"Compiling dpdma"
"Running Make libs in psu_cortexa53_0/libsrc/emacps_v3_7/src"
make -C psu_cortexa53_0/libsrc/emacps_v3_7/src -s libs  "SHELL=CMD" "COMPILER=aarch64-none-elf-gcc" "ARCHIVER=aarch64-none-elf-ar" "COMPILER_FLAGS=  -O2 -c" "EXTRA_COMPILER_FLAGS=-g -Wall -Wextra"
"Compiling emacps"
"Running Make libs in psu_cortexa53_0/libsrc/gpio_v4_3/src"
make -C psu_cortexa53_0/libsrc/gpio_v4_3/src -s libs  "SHELL=CMD" "COMPILER=aarch64-none-elf-gcc" "ARCHIVER=aarch64-none-elf-ar" "COMPILER_FLAGS=  -O2 -c" "EXTRA_COMPILER_FLAGS=-g -Wall -Wextra"
"Compiling gpio"
"Running Make libs in psu_cortexa53_0/libsrc/gpiops_v3_3/src"
make -C psu_cortexa53_0/libsrc/gpiops_v3_3/src -s libs  "SHELL=CMD" "COMPILER=aarch64-none-elf-gcc" "ARCHIVER=aarch64-none-elf-ar" "COMPILER_FLAGS=  -O2 -c" "EXTRA_COMPILER_FLAGS=-g -Wall -Wextra"
"Compiling gpiops"
"Running Make libs in psu_cortexa53_0/libsrc/ipipsu_v2_3/src"
make -C psu_cortexa53_0/libsrc/ipipsu_v2_3/src -s libs  "SHELL=CMD" "COMPILER=aarch64-none-elf-gcc" "ARCHIVER=aarch64-none-elf-ar" "COMPILER_FLAGS=  -O2 -c" "EXTRA_COMPILER_FLAGS=-g -Wall -Wextra"
"Compiling ipipsu"
"Running Make libs in psu_cortexa53_0/libsrc/qspipsu_v1_7/src"
make -C psu_cortexa53_0/libsrc/qspipsu_v1_7/src -s libs  "SHELL=CMD" "COMPILER=aarch64-none-elf-gcc" "ARCHIVER=aarch64-none-elf-ar" "COMPILER_FLAGS=  -O2 -c" "EXTRA_COMPILER_FLAGS=-g -Wall -Wextra"
"Compiling qspipsu"
"Running Make libs in psu_cortexa53_0/libsrc/resetps_v1_1/src"
make -C psu_cortexa53_0/libsrc/resetps_v1_1/src -s libs  "SHELL=CMD" "COMPILER=aarch64-none-elf-gcc" "ARCHIVER=aarch64-none-elf-ar" "COMPILER_FLAGS=  -O2 -c" "EXTRA_COMPILER_FLAGS=-g -Wall -Wextra"
"Compiling resetps"
"Running Make libs in psu_cortexa53_0/libsrc/rtcpsu_v1_5/src"
make -C psu_cortexa53_0/libsrc/rtcpsu_v1_5/src -s libs  "SHELL=CMD" "COMPILER=aarch64-none-elf-gcc" "ARCHIVER=aarch64-none-elf-ar" "COMPILER_FLAGS=  -O2 -c" "EXTRA_COMPILER_FLAGS=-g -Wall -Wextra"
"Compiling rtcpsu"
"Running Make libs in psu_cortexa53_0/libsrc/scugic_v3_9/src"
make -C psu_cortexa53_0/libsrc/scugic_v3_9/src -s libs  "SHELL=CMD" "COMPILER=aarch64-none-elf-gcc" "ARCHIVER=aarch64-none-elf-ar" "COMPILER_FLAGS=  -O2 -c" "EXTRA_COMPILER_FLAGS=-g -Wall -Wextra"
"Compiling scugic"
"Running Make libs in psu_cortexa53_0/libsrc/standalone_v6_7/src"
make -C psu_cortexa53_0/libsrc/standalone_v6_7/src -s libs  "SHELL=CMD" "COMPILER=aarch64-none-elf-gcc" "ARCHIVER=aarch64-none-elf-ar" "COMPILER_FLAGS=  -O2 -c" "EXTRA_COMPILER_FLAGS=-g -Wall -Wextra"
"Compiling standalone A53"
In file included from sleep.c:63:0:
xtime_l.h:81:9: note: #pragma message: For the sleep routines, Global timer is being used
 #pragma message ("For the sleep routines, Global timer is being used")
         ^~~~~~~
In file included from xil_sleeptimer.c:55:0:
xtime_l.h:81:9: note: #pragma message: For the sleep routines, Global timer is being used
 #pragma message ("For the sleep routines, Global timer is being used")
         ^~~~~~~
In file included from xtime_l.c:56:0:
xtime_l.h:81:9: note: #pragma message: For the sleep routines, Global timer is being used
 #pragma message ("For the sleep routines, Global timer is being used")
         ^~~~~~~
"Running Make libs in psu_cortexa53_0/libsrc/sysmonpsu_v2_4/src"
make -C psu_cortexa53_0/libsrc/sysmonpsu_v2_4/src -s libs  "SHELL=CMD" "COMPILER=aarch64-none-elf-gcc" "ARCHIVER=aarch64-none-elf-ar" "COMPILER_FLAGS=  -O2 -c" "EXTRA_COMPILER_FLAGS=-g -Wall -Wextra"
"Compiling sysmonpsu"
"Running Make libs in psu_cortexa53_0/libsrc/ttcps_v3_6/src"
make -C psu_cortexa53_0/libsrc/ttcps_v3_6/src -s libs  "SHELL=CMD" "COMPILER=aarch64-none-elf-gcc" "ARCHIVER=aarch64-none-elf-ar" "COMPILER_FLAGS=  -O2 -c" "EXTRA_COMPILER_FLAGS=-g -Wall -Wextra"
"Compiling ttcps"
"Running Make libs in psu_cortexa53_0/libsrc/uartps_v3_6/src"
make -C psu_cortexa53_0/libsrc/uartps_v3_6/src -s libs  "SHELL=CMD" "COMPILER=aarch64-none-elf-gcc" "ARCHIVER=aarch64-none-elf-ar" "COMPILER_FLAGS=  -O2 -c" "EXTRA_COMPILER_FLAGS=-g -Wall -Wextra"
"Compiling uartps"
"Running Make libs in psu_cortexa53_0/libsrc/video_common_v4_4/src"
make -C psu_cortexa53_0/libsrc/video_common_v4_4/src -s libs  "SHELL=CMD" "COMPILER=aarch64-none-elf-gcc" "ARCHIVER=aarch64-none-elf-ar" "COMPILER_FLAGS=  -O2 -c" "EXTRA_COMPILER_FLAGS=-g -Wall -Wextra"
"Compiling video_common"
"Running Make libs in psu_cortexa53_0/libsrc/wdtps_v3_0/src"
make -C psu_cortexa53_0/libsrc/wdtps_v3_0/src -s libs  "SHELL=CMD" "COMPILER=aarch64-none-elf-gcc" "ARCHIVER=aarch64-none-elf-ar" "COMPILER_FLAGS=  -O2 -c" "EXTRA_COMPILER_FLAGS=-g -Wall -Wextra"
"Compiling wdtps"
"Running Make libs in psu_cortexa53_0/libsrc/zdma_v1_5/src"
make -C psu_cortexa53_0/libsrc/zdma_v1_5/src -s libs  "SHELL=CMD" "COMPILER=aarch64-none-elf-gcc" "ARCHIVER=aarch64-none-elf-ar" "COMPILER_FLAGS=  -O2 -c" "EXTRA_COMPILER_FLAGS=-g -Wall -Wextra"
"Compiling zdma"
'Finished building libraries'
14:22:36 **** Clean-only build of configuration Release for project lab1 ****
make clean 
rm -rf  ./src/lab1.o  ./src/lab1.d  lab1.elf.size  lab1.elf
' '
14:22:37 **** Auto Build of configuration Release for project lab1 ****
make all 
'Building file: ../src/lab1.c'
'Invoking: ARM v8 gcc compiler'
aarch64-none-elf-gcc -Wall -O2 -c -fmessage-length=0 -MT"src/lab1.o" -I../../standalone_bsp_0/psu_cortexa53_0/include -MMD -MP -MF"src/lab1.d" -MT"src/lab1.o" -o "src/lab1.o" "../src/lab1.c"
../src/lab1.c: In function 'main':
../src/lab1.c:34:11: warning: this 'if' clause does not guard... [-Wmisleading-indentation]
           if((sws_check & 0x03)==0x03)
           ^~
../src/lab1.c:36:5: note: ...this statement, but the latter is misleadingly indented as if it were guarded by the 'if'
     for (i=0; i<9999999; i++); // delay loop
     ^~~
'Finished building: ../src/lab1.c'
' '
'Building target: lab1.elf'
'Invoking: ARM v8 gcc linker'
aarch64-none-elf-gcc -Wl,-T -Wl,../src/lscript.ld -L../../standalone_bsp_0/psu_cortexa53_0/lib -o "lab1.elf"  ./src/lab1.o   -Wl,--start-group,-lxil,-lgcc,-lc,--end-group
'Finished building target: lab1.elf'
' '
'Invoking: ARM v8 Print Size'
aarch64-none-elf-size lab1.elf  |tee "lab1.elf.size"
   text	   data	    bss	    dec	    hex	filename
  34540	   2432	  20672	  57644	   e12c	lab1.elf
'Finished building: lab1.elf.size'
' '
14:24:10 **** Build of project lab2_bsp ****
make -k all 
"Running Make include in psu_cortexa53_0/libsrc/avbuf_v2_2/src"
make -C psu_cortexa53_0/libsrc/avbuf_v2_2/src -s include  "SHELL=CMD" "COMPILER=aarch64-none-elf-gcc" "ARCHIVER=aarch64-none-elf-ar" "COMPILER_FLAGS=  -O2 -c" "EXTRA_COMPILER_FLAGS=-g -Wall -Wextra"
"Running Make include in psu_cortexa53_0/libsrc/axipmon_v6_6/src"
make -C psu_cortexa53_0/libsrc/axipmon_v6_6/src -s include  "SHELL=CMD" "COMPILER=aarch64-none-elf-gcc" "ARCHIVER=aarch64-none-elf-ar" "COMPILER_FLAGS=  -O2 -c" "EXTRA_COMPILER_FLAGS=-g -Wall -Wextra"
"Running Make include in psu_cortexa53_0/libsrc/coresightps_dcc_v1_4/src"
make -C psu_cortexa53_0/libsrc/coresightps_dcc_v1_4/src -s include  "SHELL=CMD" "COMPILER=aarch64-none-elf-gcc" "ARCHIVER=aarch64-none-elf-ar" "COMPILER_FLAGS=  -O2 -c" "EXTRA_COMPILER_FLAGS=-g -Wall -Wextra"
"Running Make include in psu_cortexa53_0/libsrc/cpu_cortexa53_v1_5/src"
make -C psu_cortexa53_0/libsrc/cpu_cortexa53_v1_5/src -s include  "SHELL=CMD" "COMPILER=aarch64-none-elf-gcc" "ARCHIVER=aarch64-none-elf-ar" "COMPILER_FLAGS=  -O2 -c" "EXTRA_COMPILER_FLAGS=-g -Wall -Wextra"
"Running Make include in psu_cortexa53_0/libsrc/csudma_v1_2/src"
make -C psu_cortexa53_0/libsrc/csudma_v1_2/src -s include  "SHELL=CMD" "COMPILER=aarch64-none-elf-gcc" "ARCHIVER=aarch64-none-elf-ar" "COMPILER_FLAGS=  -O2 -c" "EXTRA_COMPILER_FLAGS=-g -Wall -Wextra"
"Running Make include in psu_cortexa53_0/libsrc/ddrcpsu_v1_1/src"
make -C psu_cortexa53_0/libsrc/ddrcpsu_v1_1/src -s include  "SHELL=CMD" "COMPILER=aarch64-none-elf-gcc" "ARCHIVER=aarch64-none-elf-ar" "COMPILER_FLAGS=  -O2 -c" "EXTRA_COMPILER_FLAGS=-g -Wall -Wextra"
"Running Make include in psu_cortexa53_0/libsrc/dpdma_v1_1/src"
make -C psu_cortexa53_0/libsrc/dpdma_v1_1/src -s include  "SHELL=CMD" "COMPILER=aarch64-none-elf-gcc" "ARCHIVER=aarch64-none-elf-ar" "COMPILER_FLAGS=  -O2 -c" "EXTRA_COMPILER_FLAGS=-g -Wall -Wextra"
"Running Make include in psu_cortexa53_0/libsrc/emacps_v3_7/src"
make -C psu_cortexa53_0/libsrc/emacps_v3_7/src -s include  "SHELL=CMD" "COMPILER=aarch64-none-elf-gcc" "ARCHIVER=aarch64-none-elf-ar" "COMPILER_FLAGS=  -O2 -c" "EXTRA_COMPILER_FLAGS=-g -Wall -Wextra"
"Running Make include in psu_cortexa53_0/libsrc/gpio_v4_3/src"
make -C psu_cortexa53_0/libsrc/gpio_v4_3/src -s include  "SHELL=CMD" "COMPILER=aarch64-none-elf-gcc" "ARCHIVER=aarch64-none-elf-ar" "COMPILER_FLAGS=  -O2 -c" "EXTRA_COMPILER_FLAGS=-g -Wall -Wextra"
"Running Make include in psu_cortexa53_0/libsrc/gpiops_v3_3/src"
make -C psu_cortexa53_0/libsrc/gpiops_v3_3/src -s include  "SHELL=CMD" "COMPILER=aarch64-none-elf-gcc" "ARCHIVER=aarch64-none-elf-ar" "COMPILER_FLAGS=  -O2 -c" "EXTRA_COMPILER_FLAGS=-g -Wall -Wextra"
"Running Make include in psu_cortexa53_0/libsrc/ipipsu_v2_3/src"
make -C psu_cortexa53_0/libsrc/ipipsu_v2_3/src -s include  "SHELL=CMD" "COMPILER=aarch64-none-elf-gcc" "ARCHIVER=aarch64-none-elf-ar" "COMPILER_FLAGS=  -O2 -c" "EXTRA_COMPILER_FLAGS=-g -Wall -Wextra"
"Running Make include in psu_cortexa53_0/libsrc/qspipsu_v1_7/src"
make -C psu_cortexa53_0/libsrc/qspipsu_v1_7/src -s include  "SHELL=CMD" "COMPILER=aarch64-none-elf-gcc" "ARCHIVER=aarch64-none-elf-ar" "COMPILER_FLAGS=  -O2 -c" "EXTRA_COMPILER_FLAGS=-g -Wall -Wextra"
"Running Make include in psu_cortexa53_0/libsrc/resetps_v1_1/src"
make -C psu_cortexa53_0/libsrc/resetps_v1_1/src -s include  "SHELL=CMD" "COMPILER=aarch64-none-elf-gcc" "ARCHIVER=aarch64-none-elf-ar" "COMPILER_FLAGS=  -O2 -c" "EXTRA_COMPILER_FLAGS=-g -Wall -Wextra"
"Running Make include in psu_cortexa53_0/libsrc/rtcpsu_v1_5/src"
make -C psu_cortexa53_0/libsrc/rtcpsu_v1_5/src -s include  "SHELL=CMD" "COMPILER=aarch64-none-elf-gcc" "ARCHIVER=aarch64-none-elf-ar" "COMPILER_FLAGS=  -O2 -c" "EXTRA_COMPILER_FLAGS=-g -Wall -Wextra"
"Running Make include in psu_cortexa53_0/libsrc/scugic_v3_9/src"
make -C psu_cortexa53_0/libsrc/scugic_v3_9/src -s include  "SHELL=CMD" "COMPILER=aarch64-none-elf-gcc" "ARCHIVER=aarch64-none-elf-ar" "COMPILER_FLAGS=  -O2 -c" "EXTRA_COMPILER_FLAGS=-g -Wall -Wextra"
"Running Make include in psu_cortexa53_0/libsrc/standalone_v6_7/src"
make -C psu_cortexa53_0/libsrc/standalone_v6_7/src -s include  "SHELL=CMD" "COMPILER=aarch64-none-elf-gcc" "ARCHIVER=aarch64-none-elf-ar" "COMPILER_FLAGS=  -O2 -c" "EXTRA_COMPILER_FLAGS=-g -Wall -Wextra"
"Running Make include in psu_cortexa53_0/libsrc/sysmonpsu_v2_4/src"
make -C psu_cortexa53_0/libsrc/sysmonpsu_v2_4/src -s include  "SHELL=CMD" "COMPILER=aarch64-none-elf-gcc" "ARCHIVER=aarch64-none-elf-ar" "COMPILER_FLAGS=  -O2 -c" "EXTRA_COMPILER_FLAGS=-g -Wall -Wextra"
"Running Make include in psu_cortexa53_0/libsrc/ttcps_v3_6/src"
make -C psu_cortexa53_0/libsrc/ttcps_v3_6/src -s include  "SHELL=CMD" "COMPILER=aarch64-none-elf-gcc" "ARCHIVER=aarch64-none-elf-ar" "COMPILER_FLAGS=  -O2 -c" "EXTRA_COMPILER_FLAGS=-g -Wall -Wextra"
"Running Make include in psu_cortexa53_0/libsrc/uartps_v3_6/src"
make -C psu_cortexa53_0/libsrc/uartps_v3_6/src -s include  "SHELL=CMD" "COMPILER=aarch64-none-elf-gcc" "ARCHIVER=aarch64-none-elf-ar" "COMPILER_FLAGS=  -O2 -c" "EXTRA_COMPILER_FLAGS=-g -Wall -Wextra"
"Running Make include in psu_cortexa53_0/libsrc/video_common_v4_4/src"
make -C psu_cortexa53_0/libsrc/video_common_v4_4/src -s include  "SHELL=CMD" "COMPILER=aarch64-none-elf-gcc" "ARCHIVER=aarch64-none-elf-ar" "COMPILER_FLAGS=  -O2 -c" "EXTRA_COMPILER_FLAGS=-g -Wall -Wextra"
"Running Make include in psu_cortexa53_0/libsrc/wdtps_v3_0/src"
make -C psu_cortexa53_0/libsrc/wdtps_v3_0/src -s include  "SHELL=CMD" "COMPILER=aarch64-none-elf-gcc" "ARCHIVER=aarch64-none-elf-ar" "COMPILER_FLAGS=  -O2 -c" "EXTRA_COMPILER_FLAGS=-g -Wall -Wextra"
"Running Make include in psu_cortexa53_0/libsrc/zdma_v1_5/src"
make -C psu_cortexa53_0/libsrc/zdma_v1_5/src -s include  "SHELL=CMD" "COMPILER=aarch64-none-elf-gcc" "ARCHIVER=aarch64-none-elf-ar" "COMPILER_FLAGS=  -O2 -c" "EXTRA_COMPILER_FLAGS=-g -Wall -Wextra"
"Running Make libs in psu_cortexa53_0/libsrc/avbuf_v2_2/src"
make -C psu_cortexa53_0/libsrc/avbuf_v2_2/src -s libs  "SHELL=CMD" "COMPILER=aarch64-none-elf-gcc" "ARCHIVER=aarch64-none-elf-ar" "COMPILER_FLAGS=  -O2 -c" "EXTRA_COMPILER_FLAGS=-g -Wall -Wextra"
"Compiling avbuf"
aarch64-none-elf-ar: creating ../../../lib/libxil.a
"Running Make libs in psu_cortexa53_0/libsrc/axipmon_v6_6/src"
make -C psu_cortexa53_0/libsrc/axipmon_v6_6/src -s libs  "SHELL=CMD" "COMPILER=aarch64-none-elf-gcc" "ARCHIVER=aarch64-none-elf-ar" "COMPILER_FLAGS=  -O2 -c" "EXTRA_COMPILER_FLAGS=-g -Wall -Wextra"
"Compiling axipmon"
"Running Make libs in psu_cortexa53_0/libsrc/coresightps_dcc_v1_4/src"
make -C psu_cortexa53_0/libsrc/coresightps_dcc_v1_4/src -s libs  "SHELL=CMD" "COMPILER=aarch64-none-elf-gcc" "ARCHIVER=aarch64-none-elf-ar" "COMPILER_FLAGS=  -O2 -c" "EXTRA_COMPILER_FLAGS=-g -Wall -Wextra"
"Compiling coresightps_dcc"
"Running Make libs in psu_cortexa53_0/libsrc/cpu_cortexa53_v1_5/src"
make -C psu_cortexa53_0/libsrc/cpu_cortexa53_v1_5/src -s libs  "SHELL=CMD" "COMPILER=aarch64-none-elf-gcc" "ARCHIVER=aarch64-none-elf-ar" "COMPILER_FLAGS=  -O2 -c" "EXTRA_COMPILER_FLAGS=-g -Wall -Wextra"
"Compiling cpu_cortexa53"
"Running Make libs in psu_cortexa53_0/libsrc/csudma_v1_2/src"
make -C psu_cortexa53_0/libsrc/csudma_v1_2/src -s libs  "SHELL=CMD" "COMPILER=aarch64-none-elf-gcc" "ARCHIVER=aarch64-none-elf-ar" "COMPILER_FLAGS=  -O2 -c" "EXTRA_COMPILER_FLAGS=-g -Wall -Wextra"
"Compiling csudma"
"Running Make libs in psu_cortexa53_0/libsrc/ddrcpsu_v1_1/src"
make -C psu_cortexa53_0/libsrc/ddrcpsu_v1_1/src -s libs  "SHELL=CMD" "COMPILER=aarch64-none-elf-gcc" "ARCHIVER=aarch64-none-elf-ar" "COMPILER_FLAGS=  -O2 -c" "EXTRA_COMPILER_FLAGS=-g -Wall -Wextra"
"Compiling ddrcpsu"
"Running Make libs in psu_cortexa53_0/libsrc/dpdma_v1_1/src"
make -C psu_cortexa53_0/libsrc/dpdma_v1_1/src -s libs  "SHELL=CMD" "COMPILER=aarch64-none-elf-gcc" "ARCHIVER=aarch64-none-elf-ar" "COMPILER_FLAGS=  -O2 -c" "EXTRA_COMPILER_FLAGS=-g -Wall -Wextra"
"Compiling dpdma"
"Running Make libs in psu_cortexa53_0/libsrc/emacps_v3_7/src"
make -C psu_cortexa53_0/libsrc/emacps_v3_7/src -s libs  "SHELL=CMD" "COMPILER=aarch64-none-elf-gcc" "ARCHIVER=aarch64-none-elf-ar" "COMPILER_FLAGS=  -O2 -c" "EXTRA_COMPILER_FLAGS=-g -Wall -Wextra"
"Compiling emacps"
"Running Make libs in psu_cortexa53_0/libsrc/gpio_v4_3/src"
make -C psu_cortexa53_0/libsrc/gpio_v4_3/src -s libs  "SHELL=CMD" "COMPILER=aarch64-none-elf-gcc" "ARCHIVER=aarch64-none-elf-ar" "COMPILER_FLAGS=  -O2 -c" "EXTRA_COMPILER_FLAGS=-g -Wall -Wextra"
"Compiling gpio"
"Running Make libs in psu_cortexa53_0/libsrc/gpiops_v3_3/src"
make -C psu_cortexa53_0/libsrc/gpiops_v3_3/src -s libs  "SHELL=CMD" "COMPILER=aarch64-none-elf-gcc" "ARCHIVER=aarch64-none-elf-ar" "COMPILER_FLAGS=  -O2 -c" "EXTRA_COMPILER_FLAGS=-g -Wall -Wextra"
"Compiling gpiops"
"Running Make libs in psu_cortexa53_0/libsrc/ipipsu_v2_3/src"
make -C psu_cortexa53_0/libsrc/ipipsu_v2_3/src -s libs  "SHELL=CMD" "COMPILER=aarch64-none-elf-gcc" "ARCHIVER=aarch64-none-elf-ar" "COMPILER_FLAGS=  -O2 -c" "EXTRA_COMPILER_FLAGS=-g -Wall -Wextra"
"Compiling ipipsu"
"Running Make libs in psu_cortexa53_0/libsrc/qspipsu_v1_7/src"
make -C psu_cortexa53_0/libsrc/qspipsu_v1_7/src -s libs  "SHELL=CMD" "COMPILER=aarch64-none-elf-gcc" "ARCHIVER=aarch64-none-elf-ar" "COMPILER_FLAGS=  -O2 -c" "EXTRA_COMPILER_FLAGS=-g -Wall -Wextra"
"Compiling qspipsu"
"Running Make libs in psu_cortexa53_0/libsrc/resetps_v1_1/src"
make -C psu_cortexa53_0/libsrc/resetps_v1_1/src -s libs  "SHELL=CMD" "COMPILER=aarch64-none-elf-gcc" "ARCHIVER=aarch64-none-elf-ar" "COMPILER_FLAGS=  -O2 -c" "EXTRA_COMPILER_FLAGS=-g -Wall -Wextra"
"Compiling resetps"
"Running Make libs in psu_cortexa53_0/libsrc/rtcpsu_v1_5/src"
make -C psu_cortexa53_0/libsrc/rtcpsu_v1_5/src -s libs  "SHELL=CMD" "COMPILER=aarch64-none-elf-gcc" "ARCHIVER=aarch64-none-elf-ar" "COMPILER_FLAGS=  -O2 -c" "EXTRA_COMPILER_FLAGS=-g -Wall -Wextra"
"Compiling rtcpsu"
"Running Make libs in psu_cortexa53_0/libsrc/scugic_v3_9/src"
make -C psu_cortexa53_0/libsrc/scugic_v3_9/src -s libs  "SHELL=CMD" "COMPILER=aarch64-none-elf-gcc" "ARCHIVER=aarch64-none-elf-ar" "COMPILER_FLAGS=  -O2 -c" "EXTRA_COMPILER_FLAGS=-g -Wall -Wextra"
"Compiling scugic"
"Running Make libs in psu_cortexa53_0/libsrc/standalone_v6_7/src"
make -C psu_cortexa53_0/libsrc/standalone_v6_7/src -s libs  "SHELL=CMD" "COMPILER=aarch64-none-elf-gcc" "ARCHIVER=aarch64-none-elf-ar" "COMPILER_FLAGS=  -O2 -c" "EXTRA_COMPILER_FLAGS=-g -Wall -Wextra"
"Compiling standalone A53"
In file included from sleep.c:63:0:
xtime_l.h:81:9: note: #pragma message: For the sleep routines, Global timer is being used
 #pragma message ("For the sleep routines, Global timer is being used")
         ^~~~~~~
In file included from xil_sleeptimer.c:55:0:
xtime_l.h:81:9: note: #pragma message: For the sleep routines, Global timer is being used
 #pragma message ("For the sleep routines, Global timer is being used")
         ^~~~~~~
In file included from xtime_l.c:56:0:
xtime_l.h:81:9: note: #pragma message: For the sleep routines, Global timer is being used
 #pragma message ("For the sleep routines, Global timer is being used")
         ^~~~~~~
"Running Make libs in psu_cortexa53_0/libsrc/sysmonpsu_v2_4/src"
make -C psu_cortexa53_0/libsrc/sysmonpsu_v2_4/src -s libs  "SHELL=CMD" "COMPILER=aarch64-none-elf-gcc" "ARCHIVER=aarch64-none-elf-ar" "COMPILER_FLAGS=  -O2 -c" "EXTRA_COMPILER_FLAGS=-g -Wall -Wextra"
"Compiling sysmonpsu"
"Running Make libs in psu_cortexa53_0/libsrc/ttcps_v3_6/src"
make -C psu_cortexa53_0/libsrc/ttcps_v3_6/src -s libs  "SHELL=CMD" "COMPILER=aarch64-none-elf-gcc" "ARCHIVER=aarch64-none-elf-ar" "COMPILER_FLAGS=  -O2 -c" "EXTRA_COMPILER_FLAGS=-g -Wall -Wextra"
"Compiling ttcps"
"Running Make libs in psu_cortexa53_0/libsrc/uartps_v3_6/src"
make -C psu_cortexa53_0/libsrc/uartps_v3_6/src -s libs  "SHELL=CMD" "COMPILER=aarch64-none-elf-gcc" "ARCHIVER=aarch64-none-elf-ar" "COMPILER_FLAGS=  -O2 -c" "EXTRA_COMPILER_FLAGS=-g -Wall -Wextra"
"Compiling uartps"
"Running Make libs in psu_cortexa53_0/libsrc/video_common_v4_4/src"
make -C psu_cortexa53_0/libsrc/video_common_v4_4/src -s libs  "SHELL=CMD" "COMPILER=aarch64-none-elf-gcc" "ARCHIVER=aarch64-none-elf-ar" "COMPILER_FLAGS=  -O2 -c" "EXTRA_COMPILER_FLAGS=-g -Wall -Wextra"
"Compiling video_common"
"Running Make libs in psu_cortexa53_0/libsrc/wdtps_v3_0/src"
make -C psu_cortexa53_0/libsrc/wdtps_v3_0/src -s libs  "SHELL=CMD" "COMPILER=aarch64-none-elf-gcc" "ARCHIVER=aarch64-none-elf-ar" "COMPILER_FLAGS=  -O2 -c" "EXTRA_COMPILER_FLAGS=-g -Wall -Wextra"
"Compiling wdtps"
"Running Make libs in psu_cortexa53_0/libsrc/zdma_v1_5/src"
make -C psu_cortexa53_0/libsrc/zdma_v1_5/src -s libs  "SHELL=CMD" "COMPILER=aarch64-none-elf-gcc" "ARCHIVER=aarch64-none-elf-ar" "COMPILER_FLAGS=  -O2 -c" "EXTRA_COMPILER_FLAGS=-g -Wall -Wextra"
"Compiling zdma"
'Finished building libraries'

**** Build of configuration Debug for project lab2 ****

Nothing to build for project lab2
14:25:59 **** Auto Build of configuration Debug for project lab2 ****
make all 
'Building file: ../src/lab2.c'
'Invoking: ARM v8 gcc compiler'
aarch64-none-elf-gcc -Wall -O0 -g3 -c -fmessage-length=0 -MT"src/lab2.o" -I../../lab2_bsp/psu_cortexa53_0/include -MMD -MP -MF"src/lab2.d" -MT"src/lab2.o" -o "src/lab2.o" "../src/lab2.c"
../src/lab2.c: In function 'main':
../src/lab2.c:34:11: warning: this 'if' clause does not guard... [-Wmisleading-indentation]
           if((sws_check & 0x03)==0x03)
           ^~
../src/lab2.c:36:5: note: ...this statement, but the latter is misleadingly indented as if it were guarded by the 'if'
     for (i=0; i<9999999; i++); // delay loop
     ^~~
'Finished building: ../src/lab2.c'
' '
'Building target: lab2.elf'
'Invoking: ARM v8 gcc linker'
aarch64-none-elf-gcc -Wl,-T -Wl,../src/lscript.ld -L../../lab2_bsp/psu_cortexa53_0/lib -o "lab2.elf"  ./src/lab2.o   -Wl,--start-group,-lxil,-lgcc,-lc,--end-group
'Finished building target: lab2.elf'
' '
'Invoking: ARM v8 Print Size'
aarch64-none-elf-size lab2.elf  |tee "lab2.elf.size"
   text	   data	    bss	    dec	    hex	filename
  34604	   2432	  20720	  57756	   e19c	lab2.elf
'Finished building: lab2.elf.size'
' '
14:32:51 **** Incremental Build of configuration Debug for project lab2 ****
make all 
make: Nothing to be done for `all'.
14:34:17 **** Incremental Build of configuration Debug for project lab2 ****
make all 
make: Nothing to be done for `all'.
14:38:29 **** Incremental Build of configuration Debug for project lab2 ****
make all 
make: Nothing to be done for `all'.
14:38:55 **** Incremental Build of configuration Debug for project lab2 ****
make all 
make: Nothing to be done for `all'.
14:52:51 **** Incremental Build of configuration Debug for project lab2 ****
make all 
make: Nothing to be done for `all'.
14:56:48 **** Incremental Build of configuration Debug for project lab2 ****
make all 
make: Nothing to be done for `all'.
